__QMGRHOST__=QMHOST
__CLUSNAME__=CLUSTER
__REPOPREFIX__=REPOPREFIX
__QMPREFIX__=QMPREFIX
__SHORTPREFIX__=SHORTPREFIX
__ADMINROLE__=ADMINROLE
__MONITORUSER__=MONITORUSER
__DEVROLE__=DEVROLE
__READERROLE__=READERROLE
__REPOQM__=REPOQM
__REPOHOST__=REPOHOST
__QMPORT__=QMPORT
__REPOPORT__=REPOPORT
__QMGRNAME__=QMGRNAME
__AUTHORMD__=MQAUTHORMD
__BASEDNG__=MQBASEDNG
__BASEDNU__=MQBASEDNU
__CLASSGRP__=MQCLASSGRP
__CLASSUSR__=MQCLASSUSR
__CONNAME__=MQLDAPCONN
__LDAPPORT__=MQLDAPPORT
__SECCOMM__=MQLDAPSEC
__FINDGRP__=MQFINDGRP
__GRPFIELD__=MQGRPFIELD
__LDAPPWD__=MQLDAPPWD
__LDAPUSER__=MQLDAPUSER
__NESTGRP__=MQNESTGRP
__SHORTUSR__=MQSHORTUSR
__USRFIELD__=MQUSRFIELD
__QPRTY__=QPRTY
__MQREPOUSER__=REPOUSER
__MQCLUSUSER__=CLUSUSER
__MQAPPUSER__=APPUSER
__MQIIBUSER__=IIBUSER
__MQRATUSER__=RATUSER
__MQMFUSER__=MFUSER
__MQAWSUSER__=AWSUSER
__MQAWSQM__=AWSQM
__MQAWSHOST__=AWSHOST
__MQAWSPORT__=AWSPORT
__MQMULEQM__=MULEQM
__MQMULEHOST__=MULEHOST
__MQMULEPORT__=MULEPORT
__MQMULEQMB__=MULEQMB
__MQMULEHOSTB__=MULEHOSTB
__MQMULEPORTB__=MULEPORTB
__MQMULEUSER__=MULEUSER
__MQMULEENV__=MULEENV
__MQMULEENVB__=MULEENVB